
################################################################################

 PACKMOL - Packing optimization for the automated generation of
 starting configurations for molecular dynamics simulations.
 
                                                             Version 21.1.0 

################################################################################

  Packmol must be run with: packmol < inputfile.inp 

  Userguide at: http://m3g.iqm.unicamp.br/packmol 

  Reading input file... (Control-C aborts)
  Types of coordinate files specified: pdb
  Periodic boundary condition activated: 
    Minimum coordinates:     0.00    0.00    0.00
    Maximum coordinates:    30.00   30.00   30.00
  Seed for random number generator:      1234567
  Output file: condensed_data/starting_structures/mixing_single_CCCO.pdb
  Reading coordinate file: condensed_data/monomers/CCCO.pdb
  Number of independent structures:            1
  The structures are: 
  Structure            1 :condensed_data/monomers/CCCO.pdb(          12  atoms)
  Maximum number of GENCAN loops for all molecule packing:          200
  Distance tolerance:    2.0000000000000000     
  Warning: Type of residue numbering not set for structure            1
  Residue numbering set for structure            1 :           0
  Swap chains of molecules of structure            1 : F
  Number of molecules of type            1 :          217
  Total number of restrictions:            0
  Total number of atoms:         2604
  Total number of molecules:          217
  Number of fixed molecules:            0
  Number of free molecules:          217
  Number of variables:         1302
  Total number of fixed atoms:            0
  PBC on: Constraint automatically added to non-fixed atoms:
  -> inside box     0.00    0.00    0.00   30.00   30.00   30.00
  Updated total number of restrictions:            1
  Maximum internal distance of type            1 :    4.1977578539024858     
  All atoms must be within these coordinates: 
   x: [   -993.60000000000002      ,    1006.4000000000000       ] 
   y: [   -995.45191100969771      ,    1004.5480889903023       ] 
   z: [   -996.85567598402736      ,    1003.1443240159726       ] 
  If the system is larger than this, increase the sidemax parameter. 

################################################################################

  Building initial approximation ... 

################################################################################

  Adjusting initial point to fit the constraints 

--------------------------------------------------------------------------------

--------------------------------------------------------------------------------

  Molecules of type:            1

  Packing:|0                                                        100%|
          |******************************

  Restraint-only function value:    2.8552307712033436E-003
  Maximum violation of the restraints:    2.6933289178324407E-003

--------------------------------------------------------------------------------

  Rescaling maximum and minimum coordinates... 
  Mininum and maximum coordinates after constraint fitting: 
   x: [   -5.1897292008663040E-002 ,    30.012610163221506       ] 
   y: [   -1.3999845860812044E-003 ,    29.999960299892358       ] 
   z: [   -3.9986129346378935E-004 ,    30.000668501126110       ] 
  Computing size of patches... 
  Number of cells in each direction and cell sides: 
   x:           13  cells of size    2.3076923076923075     
   y:           13  cells of size    2.3076923076923075     
   z:           13  cells of size    2.3076923076923075     
  Cell-system length:   30.00000  30.00000  30.00000
  Reseting center of mass... 

--------------------------------------------------------------------------------

  Setting initial trial coordinates ... 

--------------------------------------------------------------------------------

--------------------------------------------------------------------------------

  Molecules of type:            1
  Adjusting random positions to fit the constraints. 
  Packing:|0                                                        100%|
          |******
  Restraint-only function value:    1.8576323927298839E-004
  Maximum violation of the restraints:    1.7214818569791129E-004

################################################################################

  Objective function at initial point:    19261.181655978227     

################################################################################

  Packing molecules of type:            1

################################################################################


--------------------------------------------------------------------------------

  Starting GENCAN loop:            0
  Scaling radii by:    1.1000000000000001     

  Packing:|0                                                        100%|
          |*************************************************************|

  Function value from last GENCAN loop: f = .27960E+02
  Best function value before: f = .19261E+05
  Improvement from best function value:    99.85 %
  Improvement from last loop:    99.85 %
  Maximum violation of target distance:     1.082276
  Maximum violation of the constraints: .28897E+01
  All-type function value: .27960E+02

--------------------------------------------------------------------------------


--------------------------------------------------------------------------------

  Starting GENCAN loop:            1
  Scaling radii by:    1.1000000000000001     

  Packing:|0                                                        100%|
          |*************************************************************|

  Function value from last GENCAN loop: f = .60728E+01
  Best function value before: f = .27960E+02
  Improvement from best function value:    78.28 %
  Improvement from last loop:    78.28 %
  Maximum violation of target distance:     0.000000
  Maximum violation of the constraints: .11355E+01
  All-type function value: .60728E+01

--------------------------------------------------------------------------------


--------------------------------------------------------------------------------

  Starting GENCAN loop:            2
  Scaling radii by:    1.1000000000000001     

  Packing:|0                                                        100%|
          |*************************************************************|

  Function value from last GENCAN loop: f = .13221E+01
  Best function value before: f = .60728E+01
  Improvement from best function value:    78.23 %
  Improvement from last loop:    78.23 %
  Maximum violation of target distance:     0.000000
  Maximum violation of the constraints: .30652E+00
  All-type function value: .13221E+01

--------------------------------------------------------------------------------


--------------------------------------------------------------------------------

  Starting GENCAN loop:            3
  Scaling radii by:    1.1000000000000001     

  Packing:|0                                                        100%|
          |*************************************************************|

  Function value from last GENCAN loop: f = .32877E+00
  Best function value before: f = .13221E+01
  Improvement from best function value:    75.13 %
  Improvement from last loop:    75.13 %
  Maximum violation of target distance:     0.000000
  Maximum violation of the constraints: .89543E-01
  All-type function value: .32877E+00

--------------------------------------------------------------------------------


--------------------------------------------------------------------------------

  Starting GENCAN loop:            4
  Scaling radii by:    1.1000000000000001     

  Packing:|0                                                        100%|
          |*************************************************************|

  Function value from last GENCAN loop: f = .63935E-01
  Best function value before: f = .32877E+00
  Improvement from best function value:    80.55 %
  Improvement from last loop:    80.55 %
  Maximum violation of target distance:     0.000000
  Maximum violation of the constraints: .31002E-01
  All-type function value: .63935E-01

--------------------------------------------------------------------------------


--------------------------------------------------------------------------------

  Starting GENCAN loop:            5
  Scaling radii by:    1.1000000000000001     

  Packing:|0                                                        100%|
          |*********************************************

  Function value from last GENCAN loop: f = .17212E-01
  Best function value before: f = .63935E-01
  Improvement from best function value:    73.08 %
  Improvement from last loop:    73.08 %
  Maximum violation of target distance:     0.000000
  Maximum violation of the constraints: .94093E-02
  Current structure written to file: condensed_data/starting_structures/mixing_single_CCCO.pdb
--------------------------------------------------------------------------------
  Packing solved for molecules of type           1
  Objective function value:    1.7212050101668583E-002
  Maximum violation of target distance:    0.0000000000000000     
  Max. constraint violation:    9.4093328001221572E-003
--------------------------------------------------------------------------------

################################################################################

  Packing all molecules together 

################################################################################


  Initial approximation is a solution. Nothing to do. 

  Solution written to file: condensed_data/starting_structures/mixing_single_CCCO.pdb

################################################################################

                                 Success! 
              Final objective function value: .23237E-01
              Maximum violation of target distance:   0.000000
              Maximum violation of the constraints: .94093E-02

--------------------------------------------------------------------------------

              Please cite this work if Packmol was useful: 

           L. Martinez, R. Andrade, E. G. Birgin, J. M. Martinez, 
         PACKMOL: A package for building initial configurations for
                   molecular dynamics simulations. 
        Journal of Computational Chemistry, 30(13) pp. 2157-2164, 2009.
                  https://doi.org/10.1002/jcc.21224

################################################################################

   Running time:    3.88394308      seconds. 

--------------------------------------------------------------------------------


