
################################################################################

 PACKMOL - Packing optimization for the automated generation of
 starting configurations for molecular dynamics simulations.
 
                                                             Version 21.1.0 

################################################################################

  Packmol must be run with: packmol < inputfile.inp 

  Userguide at: http://m3g.iqm.unicamp.br/packmol 

  Reading input file... (Control-C aborts)
  Types of coordinate files specified: pdb
  Periodic boundary condition activated: 
    Minimum coordinates:     0.00    0.00    0.00
    Maximum coordinates:    30.00   30.00   30.00
  Seed for random number generator:      1234567
  Output file: condensed_data/starting_structures/mixing_single_Nc1ccccc1.pdb
  Reading coordinate file: condensed_data/monomers/Nc1ccccc1.pdb
  Number of independent structures:            1
  The structures are: 
  Structure            1 :condensed_data/monomers/Nc1ccccc1.pdb(          14  atoms)
  Maximum number of GENCAN loops for all molecule packing:          200
  Distance tolerance:    2.0000000000000000     
  Warning: Type of residue numbering not set for structure            1
  Residue numbering set for structure            1 :           0
  Swap chains of molecules of structure            1 : F
  Number of molecules of type            1 :          178
  Total number of restrictions:            0
  Total number of atoms:         2492
  Total number of molecules:          178
  Number of fixed molecules:            0
  Number of free molecules:          178
  Number of variables:         1068
  Total number of fixed atoms:            0
  PBC on: Constraint automatically added to non-fixed atoms:
  -> inside box     0.00    0.00    0.00   30.00   30.00   30.00
  Updated total number of restrictions:            1
  Maximum internal distance of type            1 :    5.9539019138712730     
  All atoms must be within these coordinates: 
   x: [   -987.20000000000005      ,    1012.8000000000000       ] 
   y: [   -991.25272622817215      ,    1008.7472737718278       ] 
   z: [   -998.89780485523806      ,    1001.1021951447619       ] 
  If the system is larger than this, increase the sidemax parameter. 

################################################################################

  Building initial approximation ... 

################################################################################

  Adjusting initial point to fit the constraints 

--------------------------------------------------------------------------------

--------------------------------------------------------------------------------

  Molecules of type:            1

  Packing:|0                                                        100%|
          |************************************************

  Restraint-only function value:    1.1607625584385182E-002
  Maximum violation of the restraints:    6.5012132206912626E-003

--------------------------------------------------------------------------------

  Rescaling maximum and minimum coordinates... 
  Mininum and maximum coordinates after constraint fitting: 
   x: [   -8.0630101207249283E-002 ,    30.000403157164527       ] 
   y: [   -7.3685756232549915E-003 ,    30.001603149380156       ] 
   z: [   -2.2981909717930500E-004 ,    29.999970062486987       ] 
  Computing size of patches... 
  Number of cells in each direction and cell sides: 
   x:           13  cells of size    2.3076923076923075     
   y:           13  cells of size    2.3076923076923075     
   z:           13  cells of size    2.3076923076923075     
  Cell-system length:   30.00000  30.00000  30.00000
  Reseting center of mass... 

--------------------------------------------------------------------------------

  Setting initial trial coordinates ... 

--------------------------------------------------------------------------------

--------------------------------------------------------------------------------

  Molecules of type:            1
  Adjusting random positions to fit the constraints. 
  Packing:|0                                                        100%|
          |************
  Restraint-only function value:    0.0000000000000000     
  Maximum violation of the restraints:    0.0000000000000000     

################################################################################

  Objective function at initial point:    20122.879784963865     

################################################################################

  Packing molecules of type:            1

################################################################################


--------------------------------------------------------------------------------

  Starting GENCAN loop:            0
  Scaling radii by:    1.1000000000000001     

  Packing:|0                                                        100%|
          |*************************************************************|

  Function value from last GENCAN loop: f = .52355E+02
  Best function value before: f = .20123E+05
  Improvement from best function value:    99.74 %
  Improvement from last loop:    99.74 %
  Maximum violation of target distance:     1.479003
  Maximum violation of the constraints: .34524E+01
  All-type function value: .52355E+02

--------------------------------------------------------------------------------


--------------------------------------------------------------------------------

  Starting GENCAN loop:            1
  Scaling radii by:    1.1000000000000001     

  Packing:|0                                                        100%|
          |*************************************************************|

  Function value from last GENCAN loop: f = .86515E+01
  Best function value before: f = .52355E+02
  Improvement from best function value:    83.48 %
  Improvement from last loop:    83.48 %
  Maximum violation of target distance:     0.219762
  Maximum violation of the constraints: .10912E+01
  All-type function value: .86515E+01

--------------------------------------------------------------------------------


--------------------------------------------------------------------------------

  Starting GENCAN loop:            2
  Scaling radii by:    1.1000000000000001     

  Packing:|0                                                        100%|
          |*************************************************************|

  Function value from last GENCAN loop: f = .11656E+01
  Best function value before: f = .86515E+01
  Improvement from best function value:    86.53 %
  Improvement from last loop:    86.53 %
  Maximum violation of target distance:     0.000000
  Maximum violation of the constraints: .20945E+00
  All-type function value: .11656E+01

--------------------------------------------------------------------------------


--------------------------------------------------------------------------------

  Starting GENCAN loop:            3
  Scaling radii by:    1.1000000000000001     

  Packing:|0                                                        100%|
          |*************************************************************|

  Function value from last GENCAN loop: f = .18664E+00
  Best function value before: f = .11656E+01
  Improvement from best function value:    83.99 %
  Improvement from last loop:    83.99 %
  Maximum violation of target distance:     0.000000
  Maximum violation of the constraints: .46502E-01
  All-type function value: .18664E+00

--------------------------------------------------------------------------------


--------------------------------------------------------------------------------

  Starting GENCAN loop:            4
  Scaling radii by:    1.1000000000000001     

  Packing:|0                                                        100%|
          |*************************************************************|

  Function value from last GENCAN loop: f = .32049E-01
  Best function value before: f = .18664E+00
  Improvement from best function value:    82.83 %
  Improvement from last loop:    82.83 %
  Maximum violation of target distance:     0.000000
  Maximum violation of the constraints: .14991E-01
  All-type function value: .32049E-01

--------------------------------------------------------------------------------


--------------------------------------------------------------------------------

  Starting GENCAN loop:            5
  Scaling radii by:    1.1000000000000001     

  Packing:|0                                                        100%|
          |*********************

  Function value from last GENCAN loop: f = .18112E-01
  Best function value before: f = .32049E-01
  Improvement from best function value:    43.49 %
  Improvement from last loop:    43.49 %
  Maximum violation of target distance:     0.000000
  Maximum violation of the constraints: .97505E-02
  Current structure written to file: condensed_data/starting_structures/mixing_single_Nc1ccccc1.pdb
--------------------------------------------------------------------------------
  Packing solved for molecules of type           1
  Objective function value:    1.8112190141738684E-002
  Maximum violation of target distance:    0.0000000000000000     
  Max. constraint violation:    9.7505303457772873E-003
--------------------------------------------------------------------------------

################################################################################

  Packing all molecules together 

################################################################################


  Initial approximation is a solution. Nothing to do. 

  Solution written to file: condensed_data/starting_structures/mixing_single_Nc1ccccc1.pdb

################################################################################

                                 Success! 
              Final objective function value: .22699E-01
              Maximum violation of target distance:   0.000000
              Maximum violation of the constraints: .97505E-02

--------------------------------------------------------------------------------

              Please cite this work if Packmol was useful: 

           L. Martinez, R. Andrade, E. G. Birgin, J. M. Martinez, 
         PACKMOL: A package for building initial configurations for
                   molecular dynamics simulations. 
        Journal of Computational Chemistry, 30(13) pp. 2157-2164, 2009.
                  https://doi.org/10.1002/jcc.21224

################################################################################

   Running time:    3.01521516      seconds. 

--------------------------------------------------------------------------------


