
################################################################################

 PACKMOL - Packing optimization for the automated generation of
 starting configurations for molecular dynamics simulations.
 
                                                             Version 21.1.0 

################################################################################

  Packmol must be run with: packmol < inputfile.inp 

  Userguide at: http://m3g.iqm.unicamp.br/packmol 

  Reading input file... (Control-C aborts)
  Types of coordinate files specified: pdb
  Periodic boundary condition activated: 
    Minimum coordinates:     0.00    0.00    0.00
    Maximum coordinates:    30.00   30.00   30.00
  Seed for random number generator:      1234567
  Output file: condensed_data/starting_structures/mixing_single_ClCCCl.pdb
  Reading coordinate file: condensed_data/monomers/ClCCCl.pdb
  Number of independent structures:            1
  The structures are: 
  Structure            1 :condensed_data/monomers/ClCCCl.pdb(           8  atoms)
  Maximum number of GENCAN loops for all molecule packing:          200
  Distance tolerance:    2.0000000000000000     
  Warning: Type of residue numbering not set for structure            1
  Residue numbering set for structure            1 :           0
  Swap chains of molecules of structure            1 : F
  Number of molecules of type            1 :          205
  Total number of restrictions:            0
  Total number of atoms:         1640
  Total number of molecules:          205
  Number of fixed molecules:            0
  Number of free molecules:          205
  Number of variables:         1230
  Total number of fixed atoms:            0
  PBC on: Constraint automatically added to non-fixed atoms:
  -> inside box     0.00    0.00    0.00   30.00   30.00   30.00
  Updated total number of restrictions:            1
  Maximum internal distance of type            1 :    3.6812455772469188     
  All atoms must be within these coordinates: 
   x: [   -996.79999999999995      ,    1003.2000000000000       ] 
   y: [   -998.16375652173917      ,    1001.8362434782608       ] 
   z: [   -997.87371594202898      ,    1002.1262840579710       ] 
  If the system is larger than this, increase the sidemax parameter. 

################################################################################

  Building initial approximation ... 

################################################################################

  Adjusting initial point to fit the constraints 

--------------------------------------------------------------------------------

--------------------------------------------------------------------------------

  Molecules of type:            1

  Packing:|0                                                        100%|
          |***************************

  Restraint-only function value:    1.5145666497054643E-002
  Maximum violation of the restraints:    8.3683067763183263E-003

--------------------------------------------------------------------------------

  Rescaling maximum and minimum coordinates... 
  Mininum and maximum coordinates after constraint fitting: 
   x: [   -6.0238295401737793E-002 ,    30.002206669214399       ] 
   y: [   -6.0936388374722761E-002 ,    30.068845149018731       ] 
   z: [    1.4583453639016586E-004 ,    29.999851431148688       ] 
  Computing size of patches... 
  Number of cells in each direction and cell sides: 
   x:           13  cells of size    2.3076923076923075     
   y:           13  cells of size    2.3076923076923075     
   z:           13  cells of size    2.3076923076923075     
  Cell-system length:   30.00000  30.00000  30.00000
  Reseting center of mass... 

--------------------------------------------------------------------------------

  Setting initial trial coordinates ... 

--------------------------------------------------------------------------------

--------------------------------------------------------------------------------

  Molecules of type:            1
  Adjusting random positions to fit the constraints. 
  Packing:|0                                                        100%|
          |***
  Restraint-only function value:    0.0000000000000000     
  Maximum violation of the restraints:    0.0000000000000000     

################################################################################

  Objective function at initial point:    8312.0011374045353     

################################################################################

  Packing molecules of type:            1

################################################################################


--------------------------------------------------------------------------------

  Starting GENCAN loop:            0
  Scaling radii by:    1.1000000000000001     

  Packing:|0                                                        100%|
          |*************************************************************|

  Function value from last GENCAN loop: f = .11334E+01
  Best function value before: f = .83120E+04
  Improvement from best function value:    99.99 %
  Improvement from last loop:    99.99 %
  Maximum violation of target distance:     0.000000
  Maximum violation of the constraints: .29455E+00
  All-type function value: .11334E+01

--------------------------------------------------------------------------------


--------------------------------------------------------------------------------

  Starting GENCAN loop:            1
  Scaling radii by:    1.1000000000000001     

  Packing:|0                                                        100%|
          |*********************************

  Function value from last GENCAN loop: f = .17062E-01
  Best function value before: f = .11334E+01
  Improvement from best function value:    98.49 %
  Improvement from last loop:    98.49 %
  Maximum violation of target distance:     0.000000
  Maximum violation of the constraints: .74390E-02
  Current structure written to file: condensed_data/starting_structures/mixing_single_ClCCCl.pdb
--------------------------------------------------------------------------------
  Packing solved for molecules of type           1
  Objective function value:    1.7061722448376747E-002
  Maximum violation of target distance:    0.0000000000000000     
  Max. constraint violation:    7.4390209021639600E-003
--------------------------------------------------------------------------------

################################################################################

  Packing all molecules together 

################################################################################


  Initial approximation is a solution. Nothing to do. 

  Solution written to file: condensed_data/starting_structures/mixing_single_ClCCCl.pdb

################################################################################

                                 Success! 
              Final objective function value: .27302E+00
              Maximum violation of target distance:   0.000000
              Maximum violation of the constraints: .74390E-02

--------------------------------------------------------------------------------

              Please cite this work if Packmol was useful: 

           L. Martinez, R. Andrade, E. G. Birgin, J. M. Martinez, 
         PACKMOL: A package for building initial configurations for
                   molecular dynamics simulations. 
        Journal of Computational Chemistry, 30(13) pp. 2157-2164, 2009.
                  https://doi.org/10.1002/jcc.21224

################################################################################

   Running time:   0.414233983      seconds. 

--------------------------------------------------------------------------------


