
################################################################################

 PACKMOL - Packing optimization for the automated generation of
 starting configurations for molecular dynamics simulations.
 
                                                             Version 21.1.0 

################################################################################

  Packmol must be run with: packmol < inputfile.inp 

  Userguide at: http://m3g.iqm.unicamp.br/packmol 

  Reading input file... (Control-C aborts)
  Types of coordinate files specified: pdb
  Periodic boundary condition activated: 
    Minimum coordinates:     0.00    0.00    0.00
    Maximum coordinates:    30.00   30.00   30.00
  Seed for random number generator:      1234567
  Output file: condensed_data/starting_structures/mixing_combined_CNCCO_O.pdb
  Reading coordinate file: condensed_data/monomers/CNCCO.pdb
  Reading coordinate file: condensed_data/monomers/O.pdb
  Number of independent structures:            2
  The structures are: 
  Structure            1 :condensed_data/monomers/CNCCO.pdb(          14  atoms)
  Structure            2 :condensed_data/monomers/O.pdb(           3  atoms)
  Maximum number of GENCAN loops for all molecule packing:          400
  Distance tolerance:    2.0000000000000000     
  Warning: Type of residue numbering not set for structure            1
  Residue numbering set for structure            1 :           0
  Swap chains of molecules of structure            1 : F
  Warning: Type of residue numbering not set for structure            2
  Residue numbering set for structure            2 :           0
  Swap chains of molecules of structure            2 : F
  Number of molecules of type            1 :          169
  Number of molecules of type            2 :          169
  Total number of restrictions:            0
  Total number of atoms:         2873
  Total number of molecules:          338
  Number of fixed molecules:            0
  Number of free molecules:          338
  Number of variables:         2028
  Total number of fixed atoms:            0
  PBC on: Constraint automatically added to non-fixed atoms:
  -> inside box     0.00    0.00    0.00   30.00   30.00   30.00
  Updated total number of restrictions:            1
  Maximum internal distance of type            1 :    5.5023969322468913     
  Maximum internal distance of type            2 :    1.6310049049589026     
  All atoms must be within these coordinates: 
   x: [   -993.60000000000002      ,    1006.4000000000000       ] 
   y: [   -996.57805426255425      ,    1003.4219457374458       ] 
   z: [   -997.05387102855241      ,    1002.9461289714476       ] 
  If the system is larger than this, increase the sidemax parameter. 

################################################################################

  Building initial approximation ... 

################################################################################

  Adjusting initial point to fit the constraints 

--------------------------------------------------------------------------------

--------------------------------------------------------------------------------

  Molecules of type:            1

  Packing:|0                                                        100%|
          |***************************

  Restraint-only function value:    5.8695946954110245E-003
  Maximum violation of the restraints:    5.8695946954110245E-003

--------------------------------------------------------------------------------

  Molecules of type:            2

  Packing:|0                                                        100%|
          |***************

  Restraint-only function value:    3.0416764886987370E-003
  Maximum violation of the restraints:    1.9963671303701441E-003

--------------------------------------------------------------------------------

  Rescaling maximum and minimum coordinates... 
  Mininum and maximum coordinates after constraint fitting: 
   x: [   -2.7426597135102121E-002 ,    30.005570735250142       ] 
   y: [   -7.6613280150447965E-002 ,    30.044680724371592       ] 
   z: [   -3.7892779549110953E-003 ,    30.000271606814913       ] 
  Computing size of patches... 
  Number of cells in each direction and cell sides: 
   x:           13  cells of size    2.3076923076923075     
   y:           13  cells of size    2.3076923076923075     
   z:           13  cells of size    2.3076923076923075     
  Cell-system length:   30.00000  30.00000  30.00000
  Reseting center of mass... 

--------------------------------------------------------------------------------

  Setting initial trial coordinates ... 

--------------------------------------------------------------------------------

--------------------------------------------------------------------------------

  Molecules of type:            1
  Adjusting random positions to fit the constraints. 
  Packing:|0                                                        100%|
          |******
  Restraint-only function value:    1.5236252346282437E-003
  Maximum violation of the restraints:    1.5083944565839483E-003

--------------------------------------------------------------------------------

  Molecules of type:            2
  Adjusting random positions to fit the constraints. 
  Packing:|0                                                        100%|
          |***
  Restraint-only function value:    1.0260696012052026E-005
  Maximum violation of the restraints:    1.0260696012052026E-005

################################################################################

  Objective function at initial point:    22223.707838172217     

################################################################################

  Packing molecules of type:            1

################################################################################


--------------------------------------------------------------------------------

  Starting GENCAN loop:            0
  Scaling radii by:    1.1000000000000001     

  Packing:|0                                                        100%|
          |*************************************************************|

  Function value from last GENCAN loop: f = .16918E+02
  Best function value before: f = .14436E+05
  Improvement from best function value:    99.88 %
  Improvement from last loop:    99.88 %
  Maximum violation of target distance:     0.079431
  Maximum violation of the constraints: .16294E+01
  All-type function value: .66962E+04

--------------------------------------------------------------------------------


--------------------------------------------------------------------------------

  Starting GENCAN loop:            1
  Scaling radii by:    1.1000000000000001     

  Packing:|0                                                        100%|
          |*************************************************************|

  Function value from last GENCAN loop: f = .17668E+01
  Best function value before: f = .16918E+02
  Improvement from best function value:    89.56 %
  Improvement from last loop:    89.56 %
  Maximum violation of target distance:     0.000000
  Maximum violation of the constraints: .33991E+00
  All-type function value: .65464E+04

--------------------------------------------------------------------------------


--------------------------------------------------------------------------------

  Starting GENCAN loop:            2
  Scaling radii by:    1.1000000000000001     

  Packing:|0                                                        100%|
          |*************************************************************|

  Function value from last GENCAN loop: f = .28091E+00
  Best function value before: f = .17668E+01
  Improvement from best function value:    84.10 %
  Improvement from last loop:    84.10 %
  Maximum violation of target distance:     0.000000
  Maximum violation of the constraints: .85892E-01
  All-type function value: .64937E+04

--------------------------------------------------------------------------------


--------------------------------------------------------------------------------

  Starting GENCAN loop:            3
  Scaling radii by:    1.1000000000000001     

  Packing:|0                                                        100%|
          |*************************************************************|

  Function value from last GENCAN loop: f = .45326E-01
  Best function value before: f = .28091E+00
  Improvement from best function value:    83.86 %
  Improvement from last loop:    83.86 %
  Maximum violation of target distance:     0.000000
  Maximum violation of the constraints: .29591E-01
  All-type function value: .64776E+04

--------------------------------------------------------------------------------


--------------------------------------------------------------------------------

  Starting GENCAN loop:            4
  Scaling radii by:    1.1000000000000001     

  Packing:|0                                                        100%|
          |***************************************************

  Function value from last GENCAN loop: f = .11071E-01
  Best function value before: f = .45326E-01
  Improvement from best function value:    75.57 %
  Improvement from last loop:    75.57 %
  Maximum violation of target distance:     0.000000
  Maximum violation of the constraints: .97113E-02
  Current structure written to file: condensed_data/starting_structures/mixing_combined_CNCCO_O.pdb
--------------------------------------------------------------------------------
  Packing solved for molecules of type           1
  Objective function value:    1.1071016575232592E-002
  Maximum violation of target distance:    0.0000000000000000     
  Max. constraint violation:    9.7113304556808860E-003
--------------------------------------------------------------------------------

################################################################################

  Packing molecules of type:            2

################################################################################


--------------------------------------------------------------------------------

  Starting GENCAN loop:            0
  Scaling radii by:    1.1000000000000001     

  Packing:|0                                                        100%|
          |************

  Function value from last GENCAN loop: f = .00000E+00
  Best function value before: f = .55577E+03
  Improvement from best function value:    99.99 %
  Improvement from last loop:    99.99 %
  Maximum violation of target distance:     0.000000
  Maximum violation of the constraints: .00000E+00
  Current structure written to file: condensed_data/starting_structures/mixing_combined_CNCCO_O.pdb
--------------------------------------------------------------------------------
  Packing solved for molecules of type           2
  Objective function value:    0.0000000000000000     
  Maximum violation of target distance:    0.0000000000000000     
  Max. constraint violation:    0.0000000000000000     
--------------------------------------------------------------------------------

################################################################################

  Packing all molecules together 

################################################################################


--------------------------------------------------------------------------------

  Starting GENCAN loop:            0
  Scaling radii by:    1.1000000000000001     

  Packing:|0                                                        100%|
          |*************************************************************|

  Function value from last GENCAN loop: f = .33746E+02
  Best function value before: f = .60922E+04
  Improvement from best function value:    99.45 %
  Improvement from last loop:    99.45 %
  Maximum violation of target distance:     2.115240
  Maximum violation of the constraints: .33611E+01

--------------------------------------------------------------------------------


--------------------------------------------------------------------------------

  Starting GENCAN loop:            1
  Scaling radii by:    1.1000000000000001     

  Packing:|0                                                        100%|
          |*************************************************************|

  Function value from last GENCAN loop: f = .72372E+01
  Best function value before: f = .33746E+02
  Improvement from best function value:    78.55 %
  Improvement from last loop:    78.55 %
  Maximum violation of target distance:     0.000000
  Maximum violation of the constraints: .92546E+00

--------------------------------------------------------------------------------


--------------------------------------------------------------------------------

  Starting GENCAN loop:            2
  Scaling radii by:    1.1000000000000001     

  Packing:|0                                                        100%|
          |*************************************************************|

  Function value from last GENCAN loop: f = .16511E+01
  Best function value before: f = .72372E+01
  Improvement from best function value:    77.19 %
  Improvement from last loop:    77.19 %
  Maximum violation of target distance:     0.000000
  Maximum violation of the constraints: .28596E+00

--------------------------------------------------------------------------------


--------------------------------------------------------------------------------

  Starting GENCAN loop:            3
  Scaling radii by:    1.1000000000000001     

  Packing:|0                                                        100%|
          |*************************************************************|

  Function value from last GENCAN loop: f = .49601E+00
  Best function value before: f = .16511E+01
  Improvement from best function value:    69.96 %
  Improvement from last loop:    69.96 %
  Maximum violation of target distance:     0.000000
  Maximum violation of the constraints: .99470E-01

--------------------------------------------------------------------------------


--------------------------------------------------------------------------------

  Starting GENCAN loop:            4
  Scaling radii by:    1.1000000000000001     

  Packing:|0                                                        100%|
          |*************************************************************|

  Function value from last GENCAN loop: f = .15836E+00
  Best function value before: f = .49601E+00
  Improvement from best function value:    68.07 %
  Improvement from last loop:    68.07 %
  Maximum violation of target distance:     0.000000
  Maximum violation of the constraints: .44298E-01

--------------------------------------------------------------------------------


--------------------------------------------------------------------------------

  Starting GENCAN loop:            5
  Scaling radii by:    1.1000000000000001     

  Packing:|0                                                        100%|
          |*************************************************************|

  Function value from last GENCAN loop: f = .53419E-01
  Best function value before: f = .15836E+00
  Improvement from best function value:    66.27 %
  Improvement from last loop:    66.27 %
  Maximum violation of target distance:     0.000000
  Maximum violation of the constraints: .19900E-01

--------------------------------------------------------------------------------


--------------------------------------------------------------------------------

  Starting GENCAN loop:            6
  Scaling radii by:    1.1000000000000001     

  Packing:|0                                                        100%|
          |************************************************

  Function value from last GENCAN loop: f = .23222E-01
  Best function value before: f = .53419E-01
  Improvement from best function value:    56.53 %
  Improvement from last loop:    56.53 %
  Maximum violation of target distance:     0.000000
  Maximum violation of the constraints: .98680E-02

################################################################################

                                 Success! 
              Final objective function value: .23222E-01
              Maximum violation of target distance:   0.000000
              Maximum violation of the constraints: .98680E-02

--------------------------------------------------------------------------------

              Please cite this work if Packmol was useful: 

           L. Martinez, R. Andrade, E. G. Birgin, J. M. Martinez, 
         PACKMOL: A package for building initial configurations for
                   molecular dynamics simulations. 
        Journal of Computational Chemistry, 30(13) pp. 2157-2164, 2009.
                  https://doi.org/10.1002/jcc.21224

################################################################################

  Solution written to file: condensed_data/starting_structures/mixing_combined_CNCCO_O.pdb

--------------------------------------------------------------------------------

   Running time:    8.16869831      seconds. 

--------------------------------------------------------------------------------


