
################################################################################

 PACKMOL - Packing optimization for the automated generation of
 starting configurations for molecular dynamics simulations.
 
                                                             Version 21.1.0 

################################################################################

  Packmol must be run with: packmol < inputfile.inp 

  Userguide at: http://m3g.iqm.unicamp.br/packmol 

  Reading input file... (Control-C aborts)
  Types of coordinate files specified: pdb
  Periodic boundary condition activated: 
    Minimum coordinates:     0.00    0.00    0.00
    Maximum coordinates:    30.00   30.00   30.00
  Seed for random number generator:      1234567
  Output file: condensed_data/starting_structures/mixing_combined_CCC(C)=O_Nc1ccccc1.pdb
  Reading coordinate file: condensed_data/monomers/CCC(C)=O.pdb
  Reading coordinate file: condensed_data/monomers/Nc1ccccc1.pdb
  Number of independent structures:            2
  The structures are: 
  Structure            1 :condensed_data/monomers/CCC(C)=O.pdb(          13  atoms)
  Structure            2 :condensed_data/monomers/Nc1ccccc1.pdb(          14  atoms)
  Maximum number of GENCAN loops for all molecule packing:          400
  Distance tolerance:    2.0000000000000000     
  Warning: Type of residue numbering not set for structure            1
  Residue numbering set for structure            1 :           0
  Swap chains of molecules of structure            1 : F
  Warning: Type of residue numbering not set for structure            2
  Residue numbering set for structure            2 :           0
  Swap chains of molecules of structure            2 : F
  Number of molecules of type            1 :           90
  Number of molecules of type            2 :           90
  Total number of restrictions:            0
  Total number of atoms:         2430
  Total number of molecules:          180
  Number of fixed molecules:            0
  Number of free molecules:          180
  Number of variables:         1080
  Total number of fixed atoms:            0
  PBC on: Constraint automatically added to non-fixed atoms:
  -> inside box     0.00    0.00    0.00   30.00   30.00   30.00
  Updated total number of restrictions:            1
  Maximum internal distance of type            1 :    5.4014037990137336     
  Maximum internal distance of type            2 :    5.9539019138712730     
  All atoms must be within these coordinates: 
   x: [   -993.60000000000002      ,    1006.4000000000000       ] 
   y: [   -997.17213809812233      ,    1002.8278619018777       ] 
   z: [   -997.71314976160522      ,    1002.2868502383948       ] 
  If the system is larger than this, increase the sidemax parameter. 

################################################################################

  Building initial approximation ... 

################################################################################

  Adjusting initial point to fit the constraints 

--------------------------------------------------------------------------------

--------------------------------------------------------------------------------

  Molecules of type:            1

  Packing:|0                                                        100%|
          |*********************************

  Restraint-only function value:    1.0907382205079233E-002
  Maximum violation of the restraints:    3.2544996403654999E-003

--------------------------------------------------------------------------------

  Molecules of type:            2

  Packing:|0                                                        100%|
          |************************************

  Restraint-only function value:    1.4302758979818335E-002
  Maximum violation of the restraints:    7.0614958762744706E-003

--------------------------------------------------------------------------------

  Rescaling maximum and minimum coordinates... 
  Mininum and maximum coordinates after constraint fitting: 
   x: [   -5.7048222061388557E-002 ,    30.081192133744640       ] 
   y: [   -1.6597648621276856E-002 ,    30.016158509028724       ] 
   z: [   -8.4032707181635358E-002 ,    30.045060729922273       ] 
  Computing size of patches... 
  Number of cells in each direction and cell sides: 
   x:           13  cells of size    2.3076923076923075     
   y:           13  cells of size    2.3076923076923075     
   z:           13  cells of size    2.3076923076923075     
  Cell-system length:   30.00000  30.00000  30.00000
  Reseting center of mass... 

--------------------------------------------------------------------------------

  Setting initial trial coordinates ... 

--------------------------------------------------------------------------------

--------------------------------------------------------------------------------

  Molecules of type:            1
  Adjusting random positions to fit the constraints. 
  Packing:|0                                                        100%|
          |*********
  Restraint-only function value:    0.0000000000000000     
  Maximum violation of the restraints:    0.0000000000000000     

--------------------------------------------------------------------------------

  Molecules of type:            2
  Adjusting random positions to fit the constraints. 
  Packing:|0                                                        100%|
          |***
  Restraint-only function value:    3.1685444481036138E-003
  Maximum violation of the restraints:    1.6490644048808116E-003

################################################################################

  Objective function at initial point:    19391.870859279708     

################################################################################

  Packing molecules of type:            1

################################################################################


--------------------------------------------------------------------------------

  Starting GENCAN loop:            0
  Scaling radii by:    1.1000000000000001     

  Packing:|0                                                        100%|
          |*************************************************************|

  Function value from last GENCAN loop: f = .72285E-01
  Best function value before: f = .49838E+04
  Improvement from best function value:    99.99 %
  Improvement from last loop:    99.99 %
  Maximum violation of target distance:     0.000000
  Maximum violation of the constraints: .26373E-01
  All-type function value: .12860E+05

--------------------------------------------------------------------------------


--------------------------------------------------------------------------------

  Starting GENCAN loop:            1
  Scaling radii by:    1.1000000000000001     

  Packing:|0                                                        100%|
          |******************

  Function value from last GENCAN loop: f = .18664E-02
  Best function value before: f = .72285E-01
  Improvement from best function value:    97.42 %
  Improvement from last loop:    97.42 %
  Maximum violation of target distance:     0.000000
  Maximum violation of the constraints: .18584E-02
  Current structure written to file: condensed_data/starting_structures/mixing_combined_CCC(C)=O_Nc1ccccc1.pdb
--------------------------------------------------------------------------------
  Packing solved for molecules of type           1
  Objective function value:    1.8664123035261352E-003
  Maximum violation of target distance:    0.0000000000000000     
  Max. constraint violation:    1.8583899410144773E-003
--------------------------------------------------------------------------------

################################################################################

  Packing molecules of type:            2

################################################################################


--------------------------------------------------------------------------------

  Starting GENCAN loop:            0
  Scaling radii by:    1.1000000000000001     

  Packing:|0                                                        100%|
          |*************************************************************|


  Function value from last GENCAN loop: f = .16976E-01
  Best function value before: f = .40255E+04
  Improvement from best function value:    99.99 %
  Improvement from last loop:    99.99 %
  Maximum violation of target distance:     0.000000
  Maximum violation of the constraints: .72167E-02
  Current structure written to file: condensed_data/starting_structures/mixing_combined_CCC(C)=O_Nc1ccccc1.pdb
--------------------------------------------------------------------------------
  Packing solved for molecules of type           2
  Objective function value:    1.6976264503750074E-002
  Maximum violation of target distance:    0.0000000000000000     
  Max. constraint violation:    7.2167067486967103E-003
--------------------------------------------------------------------------------

################################################################################

  Packing all molecules together 

################################################################################


--------------------------------------------------------------------------------

  Starting GENCAN loop:            0
  Scaling radii by:    1.1000000000000001     

  Packing:|0                                                        100%|
          |*************************************************************|

  Function value from last GENCAN loop: f = .26783E+02
  Best function value before: f = .80615E+04
  Improvement from best function value:    99.67 %
  Improvement from last loop:    99.67 %
  Maximum violation of target distance:     0.931927
  Maximum violation of the constraints: .36334E+01

--------------------------------------------------------------------------------


--------------------------------------------------------------------------------

  Starting GENCAN loop:            1
  Scaling radii by:    1.1000000000000001     

  Packing:|0                                                        100%|
          |*************************************************************|

  Function value from last GENCAN loop: f = .19391E+01
  Best function value before: f = .26783E+02
  Improvement from best function value:    92.76 %
  Improvement from last loop:    92.76 %
  Maximum violation of target distance:     0.000000
  Maximum violation of the constraints: .35756E+00

--------------------------------------------------------------------------------


--------------------------------------------------------------------------------

  Starting GENCAN loop:            2
  Scaling radii by:    1.1000000000000001     

  Packing:|0                                                        100%|
          |*************************************************************|

  Function value from last GENCAN loop: f = .23074E+00
  Best function value before: f = .19391E+01
  Improvement from best function value:    88.10 %
  Improvement from last loop:    88.10 %
  Maximum violation of target distance:     0.000000
  Maximum violation of the constraints: .11551E+00

--------------------------------------------------------------------------------


--------------------------------------------------------------------------------

  Starting GENCAN loop:            3
  Scaling radii by:    1.1000000000000001     

  Packing:|0                                                        100%|
          |*************************************************************|

  Function value from last GENCAN loop: f = .31072E-01
  Best function value before: f = .23074E+00
  Improvement from best function value:    86.53 %
  Improvement from last loop:    86.53 %
  Maximum violation of target distance:     0.000000
  Maximum violation of the constraints: .21306E-01

--------------------------------------------------------------------------------


--------------------------------------------------------------------------------

  Starting GENCAN loop:            4
  Scaling radii by:    1.1000000000000001     

  Packing:|0                                                        100%|
          |************************

  Function value from last GENCAN loop: f = .14405E-01
  Best function value before: f = .31072E-01
  Improvement from best function value:    53.64 %
  Improvement from last loop:    53.64 %
  Maximum violation of target distance:     0.000000
  Maximum violation of the constraints: .99209E-02

################################################################################

                                 Success! 
              Final objective function value: .14405E-01
              Maximum violation of target distance:   0.000000
              Maximum violation of the constraints: .99209E-02

--------------------------------------------------------------------------------

              Please cite this work if Packmol was useful: 

           L. Martinez, R. Andrade, E. G. Birgin, J. M. Martinez, 
         PACKMOL: A package for building initial configurations for
                   molecular dynamics simulations. 
        Journal of Computational Chemistry, 30(13) pp. 2157-2164, 2009.
                  https://doi.org/10.1002/jcc.21224

################################################################################

  Solution written to file: condensed_data/starting_structures/mixing_combined_CCC(C)=O_Nc1ccccc1.pdb

--------------------------------------------------------------------------------

   Running time:    2.71781707      seconds. 

--------------------------------------------------------------------------------


