
################################################################################

 PACKMOL - Packing optimization for the automated generation of
 starting configurations for molecular dynamics simulations.
 
                                                             Version 21.1.0 

################################################################################

  Packmol must be run with: packmol < inputfile.inp 

  Userguide at: http://m3g.iqm.unicamp.br/packmol 

  Reading input file... (Control-C aborts)
  Types of coordinate files specified: pdb
  Periodic boundary condition activated: 
    Minimum coordinates:     0.00    0.00    0.00
    Maximum coordinates:    30.00   30.00   30.00
  Seed for random number generator:      1234567
  Output file: condensed_data/starting_structures/mixing_single_CCCCO.pdb
  Reading coordinate file: condensed_data/monomers/CCCCO.pdb
  Number of independent structures:            1
  The structures are: 
  Structure            1 :condensed_data/monomers/CCCCO.pdb(          15  atoms)
  Maximum number of GENCAN loops for all molecule packing:          200
  Distance tolerance:    2.0000000000000000     
  Warning: Type of residue numbering not set for structure            1
  Residue numbering set for structure            1 :           0
  Swap chains of molecules of structure            1 : F
  Number of molecules of type            1 :          178
  Total number of restrictions:            0
  Total number of atoms:         2670
  Total number of molecules:          178
  Number of fixed molecules:            0
  Number of free molecules:          178
  Number of variables:         1068
  Total number of fixed atoms:            0
  PBC on: Constraint automatically added to non-fixed atoms:
  -> inside box     0.00    0.00    0.00   30.00   30.00   30.00
  Updated total number of restrictions:            1
  Maximum internal distance of type            1 :    5.6110973080138251     
  All atoms must be within these coordinates: 
   x: [   -987.20000000000005      ,    1012.8000000000000       ] 
   y: [   -994.80119276620906      ,    1005.1988072337909       ] 
   z: [   -993.01420487440475      ,    1006.9857951255952       ] 
  If the system is larger than this, increase the sidemax parameter. 

################################################################################

  Building initial approximation ... 

################################################################################

  Adjusting initial point to fit the constraints 

--------------------------------------------------------------------------------

--------------------------------------------------------------------------------

  Molecules of type:            1

  Packing:|0                                                        100%|
          |***************************************

  Restraint-only function value:    1.6714822816772536E-002
  Maximum violation of the restraints:    5.6330187843000130E-003

--------------------------------------------------------------------------------

  Rescaling maximum and minimum coordinates... 
  Mininum and maximum coordinates after constraint fitting: 
   x: [   -7.5053439523448978E-002 ,    30.042950832634336       ] 
   y: [    8.1333465860207455E-006 ,    30.037918096487203       ] 
   z: [   -7.0253029156023359E-003 ,    30.001806810040723       ] 
  Computing size of patches... 
  Number of cells in each direction and cell sides: 
   x:           13  cells of size    2.3076923076923075     
   y:           13  cells of size    2.3076923076923075     
   z:           13  cells of size    2.3076923076923075     
  Cell-system length:   30.00000  30.00000  30.00000
  Reseting center of mass... 

--------------------------------------------------------------------------------

  Setting initial trial coordinates ... 

--------------------------------------------------------------------------------

--------------------------------------------------------------------------------

  Molecules of type:            1
  Adjusting random positions to fit the constraints. 
  Packing:|0                                                        100%|
          |******
  Restraint-only function value:    0.0000000000000000     
  Maximum violation of the restraints:    0.0000000000000000     

################################################################################

  Objective function at initial point:    25436.718594336417     

################################################################################

  Packing molecules of type:            1

################################################################################


--------------------------------------------------------------------------------

  Starting GENCAN loop:            0
  Scaling radii by:    1.1000000000000001     

  Packing:|0                                                        100%|
          |*************************************************************|

  Function value from last GENCAN loop: f = .11677E+03
  Best function value before: f = .25437E+05
  Improvement from best function value:    99.54 %
  Improvement from last loop:    99.54 %
  Maximum violation of target distance:     2.138587
  Maximum violation of the constraints: .30148E+01
  All-type function value: .11677E+03

--------------------------------------------------------------------------------


--------------------------------------------------------------------------------

  Starting GENCAN loop:            1
  Scaling radii by:    1.1000000000000001     

  Packing:|0                                                        100%|
          |*************************************************************|

  Function value from last GENCAN loop: f = .31210E+02
  Best function value before: f = .11677E+03
  Improvement from best function value:    73.27 %
  Improvement from last loop:    73.27 %
  Maximum violation of target distance:     0.169196
  Maximum violation of the constraints: .14236E+01
  All-type function value: .31210E+02

--------------------------------------------------------------------------------


--------------------------------------------------------------------------------

  Starting GENCAN loop:            2
  Scaling radii by:    1.1000000000000001     

  Packing:|0                                                        100%|
          |*************************************************************|

  Function value from last GENCAN loop: f = .90721E+01
  Best function value before: f = .31210E+02
  Improvement from best function value:    70.93 %
  Improvement from last loop:    70.93 %
  Maximum violation of target distance:     0.001362
  Maximum violation of the constraints: .93303E+00
  All-type function value: .90721E+01

--------------------------------------------------------------------------------


--------------------------------------------------------------------------------

  Starting GENCAN loop:            3
  Scaling radii by:    1.1000000000000001     

  Packing:|0                                                        100%|
          |*************************************************************|

  Function value from last GENCAN loop: f = .35597E+01
  Best function value before: f = .90721E+01
  Improvement from best function value:    60.76 %
  Improvement from last loop:    60.76 %
  Maximum violation of target distance:     0.000000
  Maximum violation of the constraints: .32009E+00
  All-type function value: .35597E+01

--------------------------------------------------------------------------------


--------------------------------------------------------------------------------

  Starting GENCAN loop:            4
  Scaling radii by:    1.1000000000000001     

  Packing:|0                                                        100%|
          |*************************************************************|

  Function value from last GENCAN loop: f = .12746E+01
  Best function value before: f = .35597E+01
  Improvement from best function value:    64.19 %
  Improvement from last loop:    64.19 %
  Maximum violation of target distance:     0.000000
  Maximum violation of the constraints: .16345E+00
  All-type function value: .12746E+01

--------------------------------------------------------------------------------


--------------------------------------------------------------------------------

  Starting GENCAN loop:            5
  Scaling radii by:    1.1000000000000001     

  Packing:|0                                                        100%|
          |*************************************************************|

  Function value from last GENCAN loop: f = .52373E+00
  Best function value before: f = .12746E+01
  Improvement from best function value:    58.91 %
  Improvement from last loop:    58.91 %
  Maximum violation of target distance:     0.000000
  Maximum violation of the constraints: .72000E-01
  All-type function value: .52373E+00

--------------------------------------------------------------------------------


--------------------------------------------------------------------------------

  Starting GENCAN loop:            6
  Scaling radii by:    1.1000000000000001     

  Packing:|0                                                        100%|
          |*************************************************************|

  Function value from last GENCAN loop: f = .22308E+00
  Best function value before: f = .52373E+00
  Improvement from best function value:    57.40 %
  Improvement from last loop:    57.40 %
  Maximum violation of target distance:     0.000000
  Maximum violation of the constraints: .36442E-01
  All-type function value: .22308E+00

--------------------------------------------------------------------------------


--------------------------------------------------------------------------------

  Starting GENCAN loop:            7
  Scaling radii by:    1.1000000000000001     

  Packing:|0                                                        100%|
          |*************************************************************|

  Function value from last GENCAN loop: f = .99507E-01
  Best function value before: f = .22308E+00
  Improvement from best function value:    55.39 %
  Improvement from last loop:    55.39 %
  Maximum violation of target distance:     0.000000
  Maximum violation of the constraints: .21025E-01
  All-type function value: .99507E-01

--------------------------------------------------------------------------------


--------------------------------------------------------------------------------

  Starting GENCAN loop:            8
  Scaling radii by:    1.1000000000000001     

  Packing:|0                                                        100%|
          |*************************************************************|

  Function value from last GENCAN loop: f = .46030E-01
  Best function value before: f = .99507E-01
  Improvement from best function value:    53.74 %
  Improvement from last loop:    53.74 %
  Maximum violation of target distance:     0.000000
  Maximum violation of the constraints: .10707E-01
  All-type function value: .46030E-01

--------------------------------------------------------------------------------


--------------------------------------------------------------------------------

  Starting GENCAN loop:            9
  Scaling radii by:    1.1000000000000001     

  Packing:|0                                                        100%|
          |******

  Function value from last GENCAN loop: f = .42732E-01
  Best function value before: f = .46030E-01
  Improvement from best function value:     7.16 %
  Improvement from last loop:     7.16 %
  Maximum violation of target distance:     0.000000
  Maximum violation of the constraints: .99471E-02
  Current structure written to file: condensed_data/starting_structures/mixing_single_CCCCO.pdb
--------------------------------------------------------------------------------
  Packing solved for molecules of type           1
  Objective function value:    4.2732490851486060E-002
  Maximum violation of target distance:    0.0000000000000000     
  Max. constraint violation:    9.9470603047841655E-003
--------------------------------------------------------------------------------

################################################################################

  Packing all molecules together 

################################################################################


  Initial approximation is a solution. Nothing to do. 

  Solution written to file: condensed_data/starting_structures/mixing_single_CCCCO.pdb

################################################################################

                                 Success! 
              Final objective function value: .49664E-01
              Maximum violation of target distance:   0.000000
              Maximum violation of the constraints: .99471E-02

--------------------------------------------------------------------------------

              Please cite this work if Packmol was useful: 

           L. Martinez, R. Andrade, E. G. Birgin, J. M. Martinez, 
         PACKMOL: A package for building initial configurations for
                   molecular dynamics simulations. 
        Journal of Computational Chemistry, 30(13) pp. 2157-2164, 2009.
                  https://doi.org/10.1002/jcc.21224

################################################################################

   Running time:    6.19396019      seconds. 

--------------------------------------------------------------------------------


