
################################################################################

 PACKMOL - Packing optimization for the automated generation of
 starting configurations for molecular dynamics simulations.
 
                                                             Version 21.1.0 

################################################################################

  Packmol must be run with: packmol < inputfile.inp 

  Userguide at: http://m3g.iqm.unicamp.br/packmol 

  Reading input file... (Control-C aborts)
  Types of coordinate files specified: pdb
  Periodic boundary condition activated: 
    Minimum coordinates:     0.00    0.00    0.00
    Maximum coordinates:    30.00   30.00   30.00
  Seed for random number generator:      1234567
  Output file: condensed_data/starting_structures/vapourisation_liquid_c1ccccc1.pdb
  Reading coordinate file: condensed_data/monomers/c1ccccc1.pdb
  Number of independent structures:            1
  The structures are: 
  Structure            1 :condensed_data/monomers/c1ccccc1.pdb(          12  atoms)
  Maximum number of GENCAN loops for all molecule packing:          200
  Distance tolerance:    2.0000000000000000     
  Warning: Type of residue numbering not set for structure            1
  Residue numbering set for structure            1 :           0
  Swap chains of molecules of structure            1 : F
  Number of molecules of type            1 :          182
  Total number of restrictions:            0
  Total number of atoms:         2184
  Total number of molecules:          182
  Number of fixed molecules:            0
  Number of free molecules:          182
  Number of variables:         1092
  Total number of fixed atoms:            0
  PBC on: Constraint automatically added to non-fixed atoms:
  -> inside box     0.00    0.00    0.00   30.00   30.00   30.00
  Updated total number of restrictions:            1
  Maximum internal distance of type            1 :    4.9459155876339018     
  All atoms must be within these coordinates: 
   x: [   -996.79999999999995      ,    1003.2000000000000       ] 
   y: [   -996.96872226270125      ,    1003.0312777372988       ] 
   z: [   -999.90927998940185      ,    1000.0907200105981       ] 
  If the system is larger than this, increase the sidemax parameter. 

################################################################################

  Building initial approximation ... 

################################################################################

  Adjusting initial point to fit the constraints 

--------------------------------------------------------------------------------

--------------------------------------------------------------------------------

  Molecules of type:            1

  Packing:|0                                                        100%|
          |************************

  Restraint-only function value:    2.1617283862535152E-002
  Maximum violation of the restraints:    6.9306138305594523E-003

--------------------------------------------------------------------------------

  Rescaling maximum and minimum coordinates... 
  Mininum and maximum coordinates after constraint fitting: 
   x: [   -1.8908553715824960E-004 ,    30.023397776672990       ] 
   y: [   -8.3250308291077532E-002 ,    30.000517075513738       ] 
   z: [   -6.9843512342745245E-002 ,    30.064391039507374       ] 
  Computing size of patches... 
  Number of cells in each direction and cell sides: 
   x:           13  cells of size    2.3076923076923075     
   y:           13  cells of size    2.3076923076923075     
   z:           13  cells of size    2.3076923076923075     
  Cell-system length:   30.00000  30.00000  30.00000
  Reseting center of mass... 

--------------------------------------------------------------------------------

  Setting initial trial coordinates ... 

--------------------------------------------------------------------------------

--------------------------------------------------------------------------------

  Molecules of type:            1
  Adjusting random positions to fit the constraints. 
  Packing:|0                                                        100%|
          |******
  Restraint-only function value:    1.5121704239589241E-003
  Maximum violation of the restraints:    1.4726901039887089E-003

################################################################################

  Objective function at initial point:    15828.202390407643     

################################################################################

  Packing molecules of type:            1

################################################################################


--------------------------------------------------------------------------------

  Starting GENCAN loop:            0
  Scaling radii by:    1.1000000000000001     

  Packing:|0                                                        100%|
          |*************************************************************|

  Function value from last GENCAN loop: f = .14393E+02
  Best function value before: f = .15828E+05
  Improvement from best function value:    99.91 %
  Improvement from last loop:    99.91 %
  Maximum violation of target distance:     0.150990
  Maximum violation of the constraints: .20023E+01
  All-type function value: .14393E+02

--------------------------------------------------------------------------------


--------------------------------------------------------------------------------

  Starting GENCAN loop:            1
  Scaling radii by:    1.1000000000000001     

  Packing:|0                                                        100%|
          |*************************************************************|

  Function value from last GENCAN loop: f = .23284E-01
  Best function value before: f = .14393E+02
  Improvement from best function value:    99.84 %
  Improvement from last loop:    99.84 %
  Maximum violation of target distance:     0.000000
  Maximum violation of the constraints: .11153E-01
  All-type function value: .23284E-01

--------------------------------------------------------------------------------


--------------------------------------------------------------------------------

  Starting GENCAN loop:            2
  Scaling radii by:    1.1000000000000001     

  Packing:|0                                                        100%|
          |******

  Function value from last GENCAN loop: f = .19647E-01
  Best function value before: f = .23284E-01
  Improvement from best function value:    15.62 %
  Improvement from last loop:    15.62 %
  Maximum violation of target distance:     0.000000
  Maximum violation of the constraints: .89248E-02
  Current structure written to file: condensed_data/starting_structures/vapourisation_liquid_c1ccccc1.pdb
--------------------------------------------------------------------------------
  Packing solved for molecules of type           1
  Objective function value:    1.9646698873291697E-002
  Maximum violation of target distance:    0.0000000000000000     
  Max. constraint violation:    8.9247916337150176E-003
--------------------------------------------------------------------------------

################################################################################

  Packing all molecules together 

################################################################################


  Initial approximation is a solution. Nothing to do. 

  Solution written to file: condensed_data/starting_structures/vapourisation_liquid_c1ccccc1.pdb

################################################################################

                                 Success! 
              Final objective function value: .43667E-01
              Maximum violation of target distance:   0.000000
              Maximum violation of the constraints: .89248E-02

--------------------------------------------------------------------------------

              Please cite this work if Packmol was useful: 

           L. Martinez, R. Andrade, E. G. Birgin, J. M. Martinez, 
         PACKMOL: A package for building initial configurations for
                   molecular dynamics simulations. 
        Journal of Computational Chemistry, 30(13) pp. 2157-2164, 2009.
                  https://doi.org/10.1002/jcc.21224

################################################################################

   Running time:   0.789919972      seconds. 

--------------------------------------------------------------------------------


