
################################################################################

 PACKMOL - Packing optimization for the automated generation of
 starting configurations for molecular dynamics simulations.
 
                                                             Version 21.1.0 

################################################################################

  Packmol must be run with: packmol < inputfile.inp 

  Userguide at: http://m3g.iqm.unicamp.br/packmol 

  Reading input file... (Control-C aborts)
  Types of coordinate files specified: pdb
  Periodic boundary condition activated: 
    Minimum coordinates:     0.00    0.00    0.00
    Maximum coordinates:    30.00   30.00   30.00
  Seed for random number generator:      1234567
  Output file: condensed_data/starting_structures/vapourisation_liquid_CC(=O)C.pdb
  Reading coordinate file: condensed_data/monomers/CC(=O)C.pdb
  Number of independent structures:            1
  The structures are: 
  Structure            1 :condensed_data/monomers/CC(=O)C.pdb(          10  atoms)
  Maximum number of GENCAN loops for all molecule packing:          200
  Distance tolerance:    2.0000000000000000     
  Warning: Type of residue numbering not set for structure            1
  Residue numbering set for structure            1 :           0
  Swap chains of molecules of structure            1 : F
  Number of molecules of type            1 :          220
  Total number of restrictions:            0
  Total number of atoms:         2200
  Total number of molecules:          220
  Number of fixed molecules:            0
  Number of free molecules:          220
  Number of variables:         1320
  Total number of fixed atoms:            0
  PBC on: Constraint automatically added to non-fixed atoms:
  -> inside box     0.00    0.00    0.00   30.00   30.00   30.00
  Updated total number of restrictions:            1
  Maximum internal distance of type            1 :    4.2928482386406346     
  All atoms must be within these coordinates: 
   x: [   -993.60000000000002      ,    1006.4000000000000       ] 
   y: [   -996.76404957347495      ,    1003.2359504265251       ] 
   z: [   -997.03908578786411      ,    1002.9609142121359       ] 
  If the system is larger than this, increase the sidemax parameter. 

################################################################################

  Building initial approximation ... 

################################################################################

  Adjusting initial point to fit the constraints 

--------------------------------------------------------------------------------

--------------------------------------------------------------------------------

  Molecules of type:            1

  Packing:|0                                                        100%|
          |***************************

  Restraint-only function value:    9.2934102956271133E-003
  Maximum violation of the restraints:    8.3823146499471743E-003

--------------------------------------------------------------------------------

  Rescaling maximum and minimum coordinates... 
  Mininum and maximum coordinates after constraint fitting: 
   x: [   -7.2573400906328356E-004 ,    30.016745378850022       ] 
   y: [   -6.5485228484821745E-003 ,    30.021849164749156       ] 
   z: [    1.4203449246741329E-006 ,    30.091554981568166       ] 
  Computing size of patches... 
  Number of cells in each direction and cell sides: 
   x:           13  cells of size    2.3076923076923075     
   y:           13  cells of size    2.3076923076923075     
   z:           13  cells of size    2.3076923076923075     
  Cell-system length:   30.00000  30.00000  30.00000
  Reseting center of mass... 

--------------------------------------------------------------------------------

  Setting initial trial coordinates ... 

--------------------------------------------------------------------------------

--------------------------------------------------------------------------------

  Molecules of type:            1
  Adjusting random positions to fit the constraints. 
  Packing:|0                                                        100%|
          |******
  Restraint-only function value:    3.4337986489550725E-003
  Maximum violation of the restraints:    3.3768966333368460E-003

################################################################################

  Objective function at initial point:    15493.378404466028     

################################################################################

  Packing molecules of type:            1

################################################################################


--------------------------------------------------------------------------------

  Starting GENCAN loop:            0
  Scaling radii by:    1.1000000000000001     

  Packing:|0                                                        100%|
          |*************************************************************|

  Function value from last GENCAN loop: f = .16152E+02
  Best function value before: f = .15493E+05
  Improvement from best function value:    99.90 %
  Improvement from last loop:    99.90 %
  Maximum violation of target distance:     0.682117
  Maximum violation of the constraints: .19978E+01
  All-type function value: .16152E+02

--------------------------------------------------------------------------------


--------------------------------------------------------------------------------

  Starting GENCAN loop:            1
  Scaling radii by:    1.1000000000000001     

  Packing:|0                                                        100%|
          |*************************************************************|

  Function value from last GENCAN loop: f = .97087E+00
  Best function value before: f = .16152E+02
  Improvement from best function value:    93.99 %
  Improvement from last loop:    93.99 %
  Maximum violation of target distance:     0.000000
  Maximum violation of the constraints: .30566E+00
  All-type function value: .97087E+00

--------------------------------------------------------------------------------


--------------------------------------------------------------------------------

  Starting GENCAN loop:            2
  Scaling radii by:    1.1000000000000001     

  Packing:|0                                                        100%|
          |*************************************************************|

  Function value from last GENCAN loop: f = .84132E-01
  Best function value before: f = .97087E+00
  Improvement from best function value:    91.33 %
  Improvement from last loop:    91.33 %
  Maximum violation of target distance:     0.000000
  Maximum violation of the constraints: .43485E-01
  All-type function value: .84132E-01

--------------------------------------------------------------------------------


--------------------------------------------------------------------------------

  Starting GENCAN loop:            3
  Scaling radii by:    1.1000000000000001     

  Packing:|0                                                        100%|
          |*********************************

  Function value from last GENCAN loop: f = .16026E-01
  Best function value before: f = .84132E-01
  Improvement from best function value:    80.95 %
  Improvement from last loop:    80.95 %
  Maximum violation of target distance:     0.000000
  Maximum violation of the constraints: .88693E-02
  Current structure written to file: condensed_data/starting_structures/vapourisation_liquid_CC(=O)C.pdb
--------------------------------------------------------------------------------
  Packing solved for molecules of type           1
  Objective function value:    1.6025651383398305E-002
  Maximum violation of target distance:    0.0000000000000000     
  Max. constraint violation:    8.8692915765757659E-003
--------------------------------------------------------------------------------

################################################################################

  Packing all molecules together 

################################################################################


  Initial approximation is a solution. Nothing to do. 

  Solution written to file: condensed_data/starting_structures/vapourisation_liquid_CC(=O)C.pdb

################################################################################

                                 Success! 
              Final objective function value: .25418E-01
              Maximum violation of target distance:   0.000000
              Maximum violation of the constraints: .88693E-02

--------------------------------------------------------------------------------

              Please cite this work if Packmol was useful: 

           L. Martinez, R. Andrade, E. G. Birgin, J. M. Martinez, 
         PACKMOL: A package for building initial configurations for
                   molecular dynamics simulations. 
        Journal of Computational Chemistry, 30(13) pp. 2157-2164, 2009.
                  https://doi.org/10.1002/jcc.21224

################################################################################

   Running time:    1.83182001      seconds. 

--------------------------------------------------------------------------------


