
################################################################################

 PACKMOL - Packing optimization for the automated generation of
 starting configurations for molecular dynamics simulations.
 
                                                             Version 21.1.0 

################################################################################

  Packmol must be run with: packmol < inputfile.inp 

  Userguide at: http://m3g.iqm.unicamp.br/packmol 

  Reading input file... (Control-C aborts)
  Types of coordinate files specified: pdb
  Periodic boundary condition activated: 
    Minimum coordinates:     0.00    0.00    0.00
    Maximum coordinates:    30.00   30.00   30.00
  Seed for random number generator:      1234567
  Output file: condensed_data/starting_structures/vapourisation_liquid_CO.pdb
  Reading coordinate file: condensed_data/monomers/CO.pdb
  Number of independent structures:            1
  The structures are: 
  Structure            1 :condensed_data/monomers/CO.pdb(           6  atoms)
  Maximum number of GENCAN loops for all molecule packing:          200
  Distance tolerance:    2.0000000000000000     
  Warning: Type of residue numbering not set for structure            1
  Residue numbering set for structure            1 :           0
  Swap chains of molecules of structure            1 : F
  Number of molecules of type            1 :          402
  Total number of restrictions:            0
  Total number of atoms:         2412
  Total number of molecules:          402
  Number of fixed molecules:            0
  Number of free molecules:          402
  Number of variables:         2412
  Total number of fixed atoms:            0
  PBC on: Constraint automatically added to non-fixed atoms:
  -> inside box     0.00    0.00    0.00   30.00   30.00   30.00
  Updated total number of restrictions:            1
  Maximum internal distance of type            1 :    2.7116249740699767     
  All atoms must be within these coordinates: 
   x: [   -996.79999999999995      ,    1003.2000000000000       ] 
   y: [   -998.36296887470075      ,    1001.6370311252992       ] 
   z: [   -998.33615323224262      ,    1001.6638467677574       ] 
  If the system is larger than this, increase the sidemax parameter. 

################################################################################

  Building initial approximation ... 

################################################################################

  Adjusting initial point to fit the constraints 

--------------------------------------------------------------------------------

--------------------------------------------------------------------------------

  Molecules of type:            1

  Packing:|0                                                        100%|
          |*********************

  Restraint-only function value:    3.8158145191640201E-002
  Maximum violation of the restraints:    8.5151150435533902E-003

--------------------------------------------------------------------------------

  Rescaling maximum and minimum coordinates... 
  Mininum and maximum coordinates after constraint fitting: 
   x: [   -7.1704206499655102E-002 ,    30.091680371359416       ] 
   y: [   -7.3596744657671853E-002 ,    30.057352385113674       ] 
   z: [   -4.9541855996852624E-002 ,    30.024148955511428       ] 
  Computing size of patches... 
  Number of cells in each direction and cell sides: 
   x:           13  cells of size    2.3076923076923075     
   y:           13  cells of size    2.3076923076923075     
   z:           13  cells of size    2.3076923076923075     
  Cell-system length:   30.00000  30.00000  30.00000
  Reseting center of mass... 

--------------------------------------------------------------------------------

  Setting initial trial coordinates ... 

--------------------------------------------------------------------------------

--------------------------------------------------------------------------------

  Molecules of type:            1
  Adjusting random positions to fit the constraints. 
  Packing:|0                                                        100%|
          |******
  Restraint-only function value:    8.9536795744221426E-003
  Maximum violation of the restraints:    5.1789001350760686E-003

################################################################################

  Objective function at initial point:    14996.184647761400     

################################################################################

  Packing molecules of type:            1

################################################################################


--------------------------------------------------------------------------------

  Starting GENCAN loop:            0
  Scaling radii by:    1.1000000000000001     

  Packing:|0                                                        100%|
          |*************************************************************|

  Function value from last GENCAN loop: f = .16749E+01
  Best function value before: f = .14996E+05
  Improvement from best function value:    99.99 %
  Improvement from last loop:    99.99 %
  Maximum violation of target distance:     0.000000
  Maximum violation of the constraints: .30702E+00
  All-type function value: .16749E+01

--------------------------------------------------------------------------------


--------------------------------------------------------------------------------

  Starting GENCAN loop:            1
  Scaling radii by:    1.1000000000000001     

  Packing:|0                                                        100%|
          |******************************************

  Function value from last GENCAN loop: f = .33533E-01
  Best function value before: f = .16749E+01
  Improvement from best function value:    98.00 %
  Improvement from last loop:    98.00 %
  Maximum violation of target distance:     0.000000
  Maximum violation of the constraints: .85801E-02
  Current structure written to file: condensed_data/starting_structures/vapourisation_liquid_CO.pdb
--------------------------------------------------------------------------------
  Packing solved for molecules of type           1
  Objective function value:    3.3533039027545508E-002
  Maximum violation of target distance:    0.0000000000000000     
  Max. constraint violation:    8.5800639114039321E-003
--------------------------------------------------------------------------------

################################################################################

  Packing all molecules together 

################################################################################


  Initial approximation is a solution. Nothing to do. 

  Solution written to file: condensed_data/starting_structures/vapourisation_liquid_CO.pdb

################################################################################

                                 Success! 
              Final objective function value: .48835E+00
              Maximum violation of target distance:   0.000000
              Maximum violation of the constraints: .85801E-02

--------------------------------------------------------------------------------

              Please cite this work if Packmol was useful: 

           L. Martinez, R. Andrade, E. G. Birgin, J. M. Martinez, 
         PACKMOL: A package for building initial configurations for
                   molecular dynamics simulations. 
        Journal of Computational Chemistry, 30(13) pp. 2157-2164, 2009.
                  https://doi.org/10.1002/jcc.21224

################################################################################

   Running time:   0.935185969      seconds. 

--------------------------------------------------------------------------------


